PASS: 样本 0 层 1 (512/512)
PASS: 样本 0 层 2 (512/512)
PASS: 样本 0 层 3 (512/512)
PASS: 样本 0 层 4 (512/512)
PASS: 样本 0 层 5 (512/512)
PASS: 样本 0 层 6 (512/512)
PASS: 样本 1 层 1 (512/512)
PASS: 样本 1 层 2 (512/512)
PASS: 样本 1 层 3 (512/512)
PASS: 样本 1 层 4 (512/512)
PASS: 样本 1 层 5 (512/512)
PASS: 样本 1 层 6 (512/512)
PASS: 样本 2 层 1 (512/512)
PASS: 样本 2 层 2 (512/512)
PASS: 样本 2 层 3 (512/512)
PASS: 样本 2 层 4 (512/512)
PASS: 样本 2 层 5 (512/512)
PASS: 样本 2 层 6 (512/512)
PASS: 样本 3 层 1 (512/512)
PASS: 样本 3 层 2 (512/512)
PASS: 样本 3 层 3 (512/512)
PASS: 样本 3 层 4 (512/512)
PASS: 样本 3 层 5 (512/512)
PASS: 样本 3 层 6 (512/512)
PASS: 样本 4 层 1 (512/512)
PASS: 样本 4 层 2 (512/512)
PASS: 样本 4 层 3 (512/512)
PASS: 样本 4 层 4 (512/512)
PASS: 样本 4 层 5 (512/512)
PASS: 样本 4 层 6 (512/512)
PASS: 样本 5 层 1 (512/512)
PASS: 样本 5 层 2 (512/512)
PASS: 样本 5 层 3 (512/512)
PASS: 样本 5 层 4 (512/512)
PASS: 样本 5 层 5 (512/512)
PASS: 样本 5 层 6 (512/512)
PASS: 样本 6 层 1 (512/512)
PASS: 样本 6 层 2 (512/512)
PASS: 样本 6 层 3 (512/512)
PASS: 样本 6 层 4 (512/512)
PASS: 样本 6 层 5 (512/512)
PASS: 样本 6 层 6 (512/512)
PASS: 样本 7 层 1 (512/512)
PASS: 样本 7 层 2 (512/512)
PASS: 样本 7 层 3 (512/512)
PASS: 样本 7 层 4 (512/512)
PASS: 样本 7 层 5 (512/512)
PASS: 样本 7 层 6 (512/512)
PASS: 样本 8 层 1 (512/512)
PASS: 样本 8 层 2 (512/512)
PASS: 样本 8 层 3 (512/512)
PASS: 样本 8 层 4 (512/512)
PASS: 样本 8 层 5 (512/512)
PASS: 样本 8 层 6 (512/512)
PASS: 样本 9 层 1 (512/512)
PASS: 样本 9 层 2 (512/512)
PASS: 样本 9 层 3 (512/512)
PASS: 样本 9 层 4 (512/512)
PASS: 样本 9 层 5 (512/512)
PASS: 样本 9 层 6 (512/512)
PASS: 样本 10 层 1 (512/512)
PASS: 样本 10 层 2 (512/512)
PASS: 样本 10 层 3 (512/512)
PASS: 样本 10 层 4 (512/512)
PASS: 样本 10 层 5 (512/512)
PASS: 样本 10 层 6 (512/512)
PASS: 样本 11 层 1 (512/512)
PASS: 样本 11 层 2 (512/512)
PASS: 样本 11 层 3 (512/512)
PASS: 样本 11 层 4 (512/512)
PASS: 样本 11 层 5 (512/512)
PASS: 样本 11 层 6 (512/512)
PASS: 样本 12 层 1 (512/512)
PASS: 样本 12 层 2 (512/512)
PASS: 样本 12 层 3 (512/512)
PASS: 样本 12 层 4 (512/512)
PASS: 样本 12 层 5 (512/512)
PASS: 样本 12 层 6 (512/512)
PASS: 样本 13 层 1 (512/512)
PASS: 样本 13 层 2 (512/512)
PASS: 样本 13 层 3 (512/512)
PASS: 样本 13 层 4 (512/512)
PASS: 样本 13 层 5 (512/512)
PASS: 样本 13 层 6 (512/512)
PASS: 样本 14 层 1 (512/512)
PASS: 样本 14 层 2 (512/512)
PASS: 样本 14 层 3 (512/512)
PASS: 样本 14 层 4 (512/512)
PASS: 样本 14 层 5 (512/512)
PASS: 样本 14 层 6 (512/512)
PASS: 样本 15 层 1 (512/512)
PASS: 样本 15 层 2 (512/512)
PASS: 样本 15 层 3 (512/512)
PASS: 样本 15 层 4 (512/512)
PASS: 样本 15 层 5 (512/512)
PASS: 样本 15 层 6 (512/512)
PASS: 样本 16 层 1 (512/512)
PASS: 样本 16 层 2 (512/512)
PASS: 样本 16 层 3 (512/512)
PASS: 样本 16 层 4 (512/512)
PASS: 样本 16 层 5 (512/512)
PASS: 样本 16 层 6 (512/512)
PASS: 样本 17 层 1 (512/512)
PASS: 样本 17 层 2 (512/512)
PASS: 样本 17 层 3 (512/512)
PASS: 样本 17 层 4 (512/512)
PASS: 样本 17 层 5 (512/512)
PASS: 样本 17 层 6 (512/512)
PASS: 样本 18 层 1 (512/512)
PASS: 样本 18 层 2 (512/512)
PASS: 样本 18 层 3 (512/512)
PASS: 样本 18 层 4 (512/512)
PASS: 样本 18 层 5 (512/512)
PASS: 样本 18 层 6 (512/512)
PASS: 样本 19 层 1 (512/512)
PASS: 样本 19 层 2 (512/512)
PASS: 样本 19 层 3 (512/512)
PASS: 样本 19 层 4 (512/512)
PASS: 样本 19 层 5 (512/512)
PASS: 样本 19 层 6 (512/512)
PASS: 样本 20 层 1 (512/512)
PASS: 样本 20 层 2 (512/512)
PASS: 样本 20 层 3 (512/512)
PASS: 样本 20 层 4 (512/512)
PASS: 样本 20 层 5 (512/512)
PASS: 样本 20 层 6 (512/512)
PASS: 样本 21 层 1 (512/512)
PASS: 样本 21 层 2 (512/512)
PASS: 样本 21 层 3 (512/512)
PASS: 样本 21 层 4 (512/512)
PASS: 样本 21 层 5 (512/512)
PASS: 样本 21 层 6 (512/512)
PASS: 样本 22 层 1 (512/512)
PASS: 样本 22 层 2 (512/512)
PASS: 样本 22 层 3 (512/512)
PASS: 样本 22 层 4 (512/512)
PASS: 样本 22 层 5 (512/512)
PASS: 样本 22 层 6 (512/512)
PASS: 样本 23 层 1 (512/512)
PASS: 样本 23 层 2 (512/512)
PASS: 样本 23 层 3 (512/512)
PASS: 样本 23 层 4 (512/512)
PASS: 样本 23 层 5 (512/512)
PASS: 样本 23 层 6 (512/512)
PASS: 样本 24 层 1 (512/512)
PASS: 样本 24 层 2 (512/512)
PASS: 样本 24 层 3 (512/512)
PASS: 样本 24 层 4 (512/512)
PASS: 样本 24 层 5 (512/512)
PASS: 样本 24 层 6 (512/512)
PASS: 样本 25 层 1 (512/512)
PASS: 样本 25 层 2 (512/512)
PASS: 样本 25 层 3 (512/512)
PASS: 样本 25 层 4 (512/512)
PASS: 样本 25 层 5 (512/512)
PASS: 样本 25 层 6 (512/512)
PASS: 样本 26 层 1 (512/512)
PASS: 样本 26 层 2 (512/512)
PASS: 样本 26 层 3 (512/512)
PASS: 样本 26 层 4 (512/512)
PASS: 样本 26 层 5 (512/512)
PASS: 样本 26 层 6 (512/512)
----------------------------------------------------------
层 1 不符数: 0
层 2 不符数: 0
层 3 不符数: 0
层 4 不符数: 0
层 5 不符数: 0
层 6 不符数: 0
总计: 27 样本 × 6 层 × 512 神经元，不符 0 处
=================== ALL PASS ===================
rtl/tb/net_v_layers_tb.v:204: $finish called at 22288275000 (1ps)
