PASS: 样本 0  acc7=001ea66b88  ΔV=490.4013 m/s  (82547 拍)
PASS: 样本 1  acc7=00d3223f8c  ΔV=3378.1405 m/s  (82547 拍)
PASS: 样本 2  acc7=01a16db881  ΔV=6678.8575 m/s  (82547 拍)
PASS: 样本 3  acc7=00c4213b48  ΔV=3138.0770 m/s  (82547 拍)
PASS: 样本 4  acc7=00e7161872  ΔV=3697.3810 m/s  (82547 拍)
PASS: 样本 5  acc7=00b8bc9b69  ΔV=2955.7879 m/s  (82547 拍)
PASS: 样本 6  acc7=01833fddea  ΔV=6195.9917 m/s  (82547 拍)
PASS: 样本 7  acc7=021c74470b  ΔV=8647.2673 m/s  (82547 拍)
PASS: 样本 8  acc7=004ba20202  ΔV=1210.1255 m/s  (82547 拍)
PASS: 样本 9  acc7=0057b886ca  ΔV=1403.5329 m/s  (82547 拍)
PASS: 样本 10  acc7=005843bc98  ΔV=1412.2335 m/s  (82547 拍)
PASS: 样本 11  acc7=006431ffe9  ΔV=1603.1250 m/s  (82547 拍)
PASS: 样本 12  acc7=017e009361  ΔV=6112.0360 m/s  (82547 拍)
PASS: 样本 13  acc7=006c16fd60  ΔV=1729.4369 m/s  (82547 拍)
PASS: 样本 14  acc7=006b3cc02c  ΔV=1715.7969 m/s  (82547 拍)
PASS: 样本 15  acc7=0062781bb1  ΔV=1575.5068 m/s  (82547 拍)
PASS: 样本 16  acc7=004081f4ef  ΔV=1032.1223 m/s  (82547 拍)
PASS: 样本 17  acc7=001afab9e3  ΔV=431.6704 m/s  (82547 拍)
PASS: 样本 18  acc7=0072602fdc  ΔV=1830.0117 m/s  (82547 拍)
PASS: 样本 19  acc7=01de94c9fa  ΔV=7657.2993 m/s  (82547 拍)
PASS: 样本 20  acc7=019af1a5ff  ΔV=6575.1030 m/s  (82547 拍)
PASS: 样本 21  acc7=024a2c23ae  ΔV=9378.7587 m/s  (82547 拍)
PASS: 样本 22  acc7=018cda084c  ΔV=6349.6270 m/s  (82547 拍)
PASS: 样本 23  acc7=017516a4ae  ΔV=5969.4152 m/s  (82547 拍)
PASS: 样本 24  acc7=00b7e67a07  ΔV=2942.4048 m/s  (82547 拍)
PASS: 样本 25  acc7=0182769117  ΔV=6183.4104 m/s  (82547 拍)
PASS: 样本 26  acc7=00421e5e96  ΔV=1057.8981 m/s  (82547 拍)
----------------------------------------------------------
样本数 27，总拍数约 2228769
=================== ALL PASS ===================
rtl/tb/net_v_top_tb.v:139: $finish called at 22288275000 (1ps)
